OUT:
Buildfile: [TestData]/build.xml

build:
  [kotlinc] Compiling [[TestData]/main.kt] => [[Temp]/hello.jar]
  [kotlinc] [TestData]/main.kt:4:13: error: the feature "break continue in inline lambdas" is only available since language version 2.2
  [kotlinc]             break
  [kotlinc]             ^^^^^

ERR:

BUILD FAILED
[TestData]/build.xml:5: Compile failed; see the compiler error output for details.

Total time: [time]

Return code: 1
